[{"columns":["FirstName","LastName"],"values":[["Luís","Gonçalves"],["Leonie","Köhler"],["François","Tremblay"],["Bjørn","Hansen"],["František","Wichterlová"],["Helena","Holý"],["Astrid","Gruber"],["Daan","Peeters"],["Kara","Nielsen"],["Eduardo","Martins"],["Alexandre","Rocha"],["Roberto","Almeida"],["Fernanda","Ramos"],["Mark","Philips"],["Jennifer","Peterson"],["Frank","Harris"],["Jack","Smith"],["Michelle","Brooks"],["Tim","Goyer"],["Dan","Miller"],["Kathy","Chase"],["Heather","Leacock"],["John","Gordon"],["Frank","Ralston"],["Victor","Stevens"],["Richard","Cunningham"],["Patrick","Gray"],["Julia","Barnett"],["Robert","Brown"],["Edward","Francis"],["Martha","Silk"],["Aaron","Mitchell"],["Ellie","Sullivan"],["João","Fernandes"],["Madalena","Sampaio"],["Hannah","Schneider"],["Fynn","Zimmermann"],["Niklas","Schröder"],["Camille","Bernard"],["Dominique","Lefebvre"],["Marc","Dubois"],["Wyatt","Girard"],["Isabelle","Mercier"],["Terhi","Hämäläinen"],["Ladislav","Kovács"],["Hugh","O'Reilly"],["Lucas","Mancini"],["Johannes","Van der Berg"],["Stanisław","Wójcik"],["Enrique","Muñoz"],["Joakim","Johansson"],["Emma","Jones"],["Phil","Hughes"],["Steve","Murray"],["Mark","Taylor"],["Diego","Gutiérrez"],["Luis","Rojas"],["Manoj","Pareek"],["Puja","Srivastava"]]}]