[{"columns":["Name","Lieder"],"values":[["Music",3290],["Music",3290],["90â€™s Music",1477],["TV Shows",213],["TV Shows",213],["Classical",75],["Brazilian Music",39],["Heavy Metal Classic",26],["Classical 101 - Deep Cuts",25],["Classical 101 - Next Steps",25],["Classical 101 - The Basics",25],["Grunge",15],["Music Videos",1],["On-The-Go 1",1],["Movies",0],["Audiobooks",0],["Audiobooks",0],["Movies",0]]}]