[{"columns":["Title","AlbumId","Albumpreis"],"values":[["Greatest Hits",141,56.43000000000003],["Lost, Season 3",229,51.74000000000001],["Lost, Season 1",230,49.75000000000001],["The Office, Season 3",251,49.75000000000001],["Lost, Season 2",231,47.760000000000005],["Battlestar Galactica (Classic), Season 1",253,47.760000000000005],["Heroes, Season 1",228,45.77],["The Office, Season 2",250,43.78],["Battlestar Galactica, Season 3",227,37.809999999999995],["LOST, Season 4",261,33.82999999999999],["Minha Historia",23,33.65999999999998],["Unplugged",73,29.69999999999998],["My Way: The Best Of Frank Sinatra [Disc 1]",83,23.75999999999999],["Afrociberdelia",24,22.769999999999992],["Instant Karma: The Amnesty International Campaign to Save Darfur",255,22.769999999999992],["Up An' Atom",51,21.779999999999994],["Acústico",224,21.779999999999994],["International Superhits",39,20.789999999999996],["Acústico MTV",167,20.789999999999996],["Greatest Kiss",37,19.799999999999997],["Chronicle, Vol. 1",54,19.799999999999997],["Chronicle, Vol. 2",55,19.799999999999997],["Sex Machine",115,19.799999999999997],["My Generation - The Very Best Of The Who",221,19.799999999999997],["Ao Vivo [IMPORT]",248,18.81],["House of Pain",258,18.81],["Prenda Minha",21,17.82],["The Cream Of Clapton",72,17.82],["Live After Death",102,17.82],["Barulhinho Bom",145,17.82],["Seek And Shall Find: More Of The Best (1963-1981)",146,17.82],["Rotten Apples: Greatest Hits",202,17.82],["The Singles",211,17.82],["Pure Cult: The Best Of The Cult (For Rockers, Ravers, Lovers & Sinners) [UK]",213,17.82],["Body Count",18,16.830000000000002],["Acústico MTV [Live]",26,16.830000000000002],["Chill: Brazil (Disc 1)",33,16.830000000000002],["Chill: Brazil (Disc 2)",34,16.830000000000002],["Greatest Hits II",36,16.830000000000002],["Are You Experienced?",120,16.830000000000002],["Motley Crue Greatest Hits",162,16.830000000000002],["From The Muddy Banks Of The Wishkah [Live]",163,16.830000000000002],["Greatest Hits I",185,16.830000000000002],["Blood Sugar Sex Magik",193,16.830000000000002],["A-Sides",203,16.830000000000002],["Rattle And Hum",237,16.830000000000002],["The Best Of Van Halen, Vol. I",243,16.830000000000002],["Radio Brasil (O Som da Jovem Vanguarda) - Seleccao de Henrique Amaro",259,16.830000000000002],["Vault: Def Leppard's Greatest Hits",67,15.840000000000002],["Roda De Funk",84,15.840000000000002],["Use Your Illusion I",91,15.840000000000002],["Living After Midnight",125,15.840000000000002],["Mais Do Mesmo",140,15.840000000000002],["Garage Inc. (Disc 2)",149,15.840000000000002],["Arquivo Os Paralamas Do Sucesso",169,15.840000000000002],["Live On Two Legs [Live]",178,15.840000000000002],["Os Cães Ladram Mas A Caravana Não Pára",184,15.840000000000002],["The Best Of R.E.M.: The IRS Years",190,15.840000000000002],["By The Way",194,15.840000000000002],["Judas 0: B-Sides and Rarities",201,15.840000000000002],["Volume Dois",225,15.840000000000002],["Big Ones",5,14.850000000000001],["Vinícius De Moraes - Sem Limite",52,14.850000000000001],["Cássia Eller - Coleção Sem Limite [Disc 2]",56,14.850000000000001],["Cássia Eller - Sem Limite [Disc 1]",57,14.850000000000001],["King For A Day Fool For A Lifetime",76,14.850000000000001],["Quanta Gente Veio Ver (Live)",86,14.850000000000001],["Unplugged [Live]",126,14.850000000000001],["A TempestadeTempestade Ou O Livro Dos Dias",139,14.850000000000001],["Ace Of Spades",160,14.850000000000001],["Compositores",165,14.850000000000001],["Riot Act",180,14.850000000000001],["Californication",195,14.850000000000001],["Voodoo Lounge",218,14.850000000000001],["Tangents",219,14.850000000000001],["Serie Sem Limite (Disc 1)",222,14.850000000000001],["Serie Sem Limite (Disc 2)",223,14.850000000000001],["B-Sides 1980-1990",234,14.850000000000001],["Vinicius De Moraes",247,14.850000000000001],["Warner 25 Anos",8,13.860000000000001],["Audioslave",10,13.860000000000001],["Cidade Negra - Hits",27,13.860000000000001],["Axé Bahia 2001",29,13.860000000000001],["BBC Sessions [Disc 1] [Live]",30,13.860000000000001],["Carnaval 2001",32,13.860000000000001],["Meus Momentos",41,13.860000000000001],["Minha História",42,13.860000000000001],["Sambas De Enredo 2001",45,13.860000000000001],["The Best of Ed Motta",47,13.860000000000001],["Vozes do MPB",53,13.860000000000001],["Elis Regina-Minha História",71,13.860000000000001],["Angel Dust",75,13.860000000000001],["Deixa Entrar",78,13.860000000000001],["As Canções de Eu Tu Eles",85,13.860000000000001],["Use Your Illusion II",92,13.860000000000001],["Jorge Ben Jor 25 Anos",122,13.860000000000001],["Cafezinho",124,13.860000000000001],["Lulu Santos - RCA 100 Anos De Música - Álbum 01",142,13.860000000000001],["Lulu Santos - RCA 100 Anos De Música - Álbum 02",143,13.860000000000001],["Load",151,13.860000000000001],["Miles Ahead",157,13.860000000000001],["Olodum",166,13.860000000000001],["Tribute",174,13.860000000000001],["Original Soundtracks 1",176,13.860000000000001],["New Adventures In Hi-Fi",189,13.860000000000001],["Raul Seixas",192,13.860000000000001],["Retrospective I (1974-1980)",196,13.860000000000001],["The Police Greatest Hits",215,13.860000000000001],["No Security",217,13.860000000000001],["The Best Of 1980-1990",238,13.860000000000001],["UB40 The Best Of - Volume Two [UK]",241,13.860000000000001],["Carry On",270,13.860000000000001],["Revelations",271,13.860000000000001],["Jagged Little Pill",6,12.870000000000001],["Alcohol Fueled Brewtality Live! [Disc 1]",14,12.870000000000001],["Da Lama Ao Caos",25,12.870000000000001],["Supernatural",46,12.870000000000001],["The Essential Miles Davis [Disc 1]",48,12.870000000000001],["Djavan Ao Vivo - Vol. 02",69,12.870000000000001],["Djavan Ao Vivo - Vol. 1",70,12.870000000000001],["The Colour And The Shape",82,12.870000000000001],["American Idiot",89,12.870000000000001],["Blue Moods",93,12.870000000000001],["Get Born",119,12.870000000000001],["ReLoad",153,12.870000000000001],["Milton Nascimento Ao Vivo",158,12.870000000000001],["Minas",159,12.870000000000001],["Pearl Jam",179,12.870000000000001],["Contraband",246,12.870000000000001],["The Office, Season 1",249,11.94],["Facelift",7,11.88],["Out Of Exile",11,11.88],["BackBeat Soundtrack",12,11.88],["Heart of the Night",38,11.88],["Into The Light",40,11.88],["Purpendicular",63,11.88],["Album Of The Year",74,11.88],["Faceless",88,11.88],["Appetite for Destruction",90,11.88],["A Real Dead One",95,11.88],["Fear Of The Dark",99,11.88],["Jota Quest-1995",123,11.88],["Black Album",148,11.88],["Demorou...",161,11.88],["Nevermind",164,11.88],["Arquivo II",168,11.88],["Walking Into Clarksdale",175,11.88],["Vs.",182,11.88],["Maquinarama",199,11.88],["Core",206,11.88],["Beyond Good And Evil",212,11.88],["Hot Rocks, 1964-1971 (Disc 1)",216,11.88],["Achtung Baby",232,11.88],["Pop",236,11.88],["Diver Down",242,11.88],["Van Halen III",245,11.88],["Speak of the Devil",256,11.88],["20th Century Masters - The Millennium Collection: The Best of Scorpions",257,11.88],["Back to Black",321,11.88],["Chemical Wedding",19,10.89],["The Best Of Buddy Guy - The Millenium Collection",20,10.89],["Garage Inc. (Disc 1)",35,10.89],["Knocking at Your Back Door: The Best Of Deep Purple in the 80's",61,10.89],["The Real Thing",77,10.89],["One By One",81,10.89],["A Matter of Life and Death",94,10.89],["A Real Live One",96,10.89],["Dance Of Death",98,10.89],["The X Factor",113,10.89],["Synkronized",117,10.89],["The Return Of The Space Cowboy",118,10.89],["St. Anger",155,10.89],["Ten",181,10.89],["News Of The World",186,10.89],["Out Of Time",187,10.89],["Green",188,10.89],["O Samba Poconé",200,10.89],["Mezmerize",207,10.89],["The Doors",214,10.89],["Transmission",220,10.89],["All That You Can't Leave Behind",233,10.89],["How To Dismantle An Atomic Bomb",235,10.89],["Van Halen",244,10.89],["Frank",322,10.89],["For Those About To Rock We Salute You",1,9.9],["Black Sabbath Vol. 4 (Remaster)",17,9.9],["Na Pista",28,9.9],["The Essential Miles Davis [Disc 2]",49,9.9],["The Battle Rages On",66,9.9],["In Your Honor [Disc 1]",79,9.9],["In Your Honor [Disc 2]",80,9.9],["Brave New World",97,9.9],["Killers",101,9.9],["Live At Donington 1992 (Disc 1)",103,9.9],["Live At Donington 1992 (Disc 2)",104,9.9],["No Prayer For The Dying",105,9.9],["Rock In Rio [CD1]",108,9.9],["Emergency On Planet Earth",116,9.9],["Surfing with the Alien (Remastered)",121,9.9],["BBC Sessions [Disc 2] [Live]",127,9.9],["Led Zeppelin III",134,9.9],["Misplaced Childhood",144,9.9],["The Best Of Men At Work",147,9.9],["Kill 'Em All",150,9.9],["The Beast Live",177,9.9],["Cesta Básica",191,9.9],["In Step",205,9.9],["Live [Disc 1]",209,9.9],["War",239,9.9],["Zooropa",240,9.9],["Temple of the Dog",269,9.9],["Bongo Fury",31,8.91],["Come Taste The Band",58,8.91],["Slaves And Masters",64,8.91],["Stormbringer",65,8.91],["Outbreak",68,8.91],["Iron Maiden",100,8.91],["Piece Of Mind",106,8.91],["Rock In Rio [CD2]",109,8.91],["Led Zeppelin I",132,8.91],["Led Zeppelin II",133,8.91],["Physical Graffiti [Disc 2]",135,8.91],["...And Justice For All",156,8.91],["Dark Side Of The Moon",183,8.91],["Morning Dance",204,8.91],["Live [Disc 2]",210,8.91],["Let There Be Rock",4,7.920000000000001],["Plays Metallica By Four Cellos",9,7.920000000000001],["The Best Of Billy Cobham",13,7.920000000000001],["Powerslave",107,7.920000000000001],["Seventh Son of a Seventh Son",110,7.920000000000001],["Somewhere in Time",111,7.920000000000001],["The Number of The Beast",112,7.920000000000001],["Virtual XI",114,7.920000000000001],["Coda",128,7.920000000000001],["Houses Of The Holy",129,7.920000000000001],["IV",131,7.920000000000001],["Master Of Puppets",152,7.920000000000001],["Ride The Lightning",154,7.920000000000001],["Santana - As Years Go By",197,7.920000000000001],["Black Sabbath",16,6.930000000000001],["MK III The Final Concerts [Disc 1]",43,6.930000000000001],["Deep Purple In Rock",59,6.930000000000001],["Fireball",60,6.930000000000001],["Machine Head",62,6.930000000000001],["In Through The Out Door",130,6.930000000000001],["Presence",136,6.930000000000001],["[1997] Black Light Syndrome",208,6.930000000000001],["Physical Graffiti [Disc 1]",44,5.94],["Santana Live",198,5.94],["Alcohol Fueled Brewtality Live! [Disc 2]",15,4.95],["The Song Remains The Same (Disc 1)",137,4.95],["The Final Concerts (Disc 2)",50,3.96],["The Song Remains The Same (Disc 2)",138,3.96],["Restless and Wild",3,2.9699999999999998],["Sozinho Remix Ao Vivo",22,2.9699999999999998],["Quanta Gente Veio ver--Bônus De Carnaval",87,2.9699999999999998],["Battlestar Galactica: The Story So Far",226,1.99],["Aquaman",254,1.99],["Blizzard of Ozz",171,1.98],["No More Tears (Remastered)",173,1.98],["Quiet Songs",262,1.98],["Muso Ko",263,1.98],["Realize",264,1.98],["Every Kind of Light",265,1.98],["The World of Classical Favourites",280,1.98],["English Renaissance",314,1.98],["Balls to the Wall",2,0.99],["Bark at the Moon (Remastered)",170,0.99],["Diary of a Madman (Remastered)",172,0.99],["Un-Led-Ed",252,0.99],["Cake: B-Sides and Rarities",260,0.99],["Duos II",266,0.99],["Worlds",267,0.99],["The Best of Beethoven",268,0.99],["Adorate Deum: Gregorian Chant from the Proper of the Mass",272,0.99],["Allegri: Miserere",273,0.99],["Pachelbel: Canon & Gigue",274,0.99],["Vivaldi: The Four Seasons",275,0.99],["Bach: Violin Concertos",276,0.99],["Bach: Goldberg Variations",277,0.99],["Bach: The Cello Suites",278,0.99],["Handel: The Messiah (Highlights)",279,0.99],["Sir Neville Marriner: A Celebration",281,0.99],["Mozart: Wind Concertos",282,0.99],["Haydn: Symphonies 99 - 104",283,0.99],["Beethoven: Symhonies Nos. 5 & 6",284,0.99],["A Soprano Inspired",285,0.99],["Great Opera Choruses",286,0.99],["Wagner: Favourite Overtures",287,0.99],["Fauré: Requiem, Ravel: Pavane & Others",288,0.99],["Tchaikovsky: The Nutcracker",289,0.99],["The Last Night of the Proms",290,0.99],["Puccini: Madama Butterfly - Highlights",291,0.99],["Holst: The Planets, Op. 32 & Vaughan Williams: Fantasies",292,0.99],["Pavarotti's Opera Made Easy",293,0.99],["Great Performances - Barber's Adagio and Other Romantic Favorites for Strings",294,0.99],["Carmina Burana",295,0.99],["A Copland Celebration, Vol. I",296,0.99],["Bach: Toccata & Fugue in D Minor",297,0.99],["Prokofiev: Symphony No.1",298,0.99],["Scheherazade",299,0.99],["Bach: The Brandenburg Concertos",300,0.99],["Chopin: Piano Concertos Nos. 1 & 2",301,0.99],["Mascagni: Cavalleria Rusticana",302,0.99],["Sibelius: Finlandia",303,0.99],["Beethoven Piano Sonatas: Moonlight & Pastorale",304,0.99],["Great Recordings of the Century - Mahler: Das Lied von der Erde",305,0.99],["Elgar: Cello Concerto & Vaughan Williams: Fantasias",306,0.99],["Adams, John: The Chairman Dances",307,0.99],["Tchaikovsky: 1812 Festival Overture, Op.49, Capriccio Italien & Beethoven: Wellington's Victory",308,0.99],["Palestrina: Missa Papae Marcelli & Allegri: Miserere",309,0.99],["Prokofiev: Romeo & Juliet",310,0.99],["Strauss: Waltzes",311,0.99],["Berlioz: Symphonie Fantastique",312,0.99],["Bizet: Carmen Highlights",313,0.99],["Handel: Music for the Royal Fireworks (Original Version 1749)",315,0.99],["Grieg: Peer Gynt Suites & Sibelius: Pelléas et Mélisande",316,0.99],["Mozart Gala: Famous Arias",317,0.99],["SCRIABIN: Vers la flamme",318,0.99],["Armada: Music from the Courts of England and Spain",319,0.99],["Mozart: Symphonies Nos. 40 & 41",320,0.99],["Carried to Dust (Bonus Track Version)",323,0.99],["Beethoven: Symphony No. 6 'Pastoral' Etc.",324,0.99],["Bartok: Violin & Viola Concertos",325,0.99],["Mendelssohn: A Midsummer Night's Dream",326,0.99],["Bach: Orchestral Suites Nos. 1 - 4",327,0.99],["Charpentier: Divertissements, Airs & Concerts",328,0.99],["South American Getaway",329,0.99],["Górecki: Symphony No. 3",330,0.99],["Purcell: The Fairy Queen",331,0.99],["The Ultimate Relexation Album",332,0.99],["Purcell: Music for the Queen Mary",333,0.99],["Weill: The Seven Deadly Sins",334,0.99],["J.S. Bach: Chaconne, Suite in E Minor, Partita in E Major & Prelude, Fugue and Allegro",335,0.99],["Prokofiev: Symphony No.5 & Stravinksy: Le Sacre Du Printemps",336,0.99],["Szymanowski: Piano Works, Vol. 1",337,0.99],["Nielsen: The Six Symphonies",338,0.99],["Great Recordings of the Century: Paganini's 24 Caprices",339,0.99],["Liszt - 12 Études D'Execution Transcendante",340,0.99],["Great Recordings of the Century - Shubert: Schwanengesang, 4 Lieder",341,0.99],["Locatelli: Concertos for Violin, Strings and Continuo, Vol. 3",342,0.99],["Respighi:Pines of Rome",343,0.99],["Schubert: The Late String Quartets & String Quintet (3 CD's)",344,0.99],["Monteverdi: L'Orfeo",345,0.99],["Mozart: Chamber Music",346,0.99],["Koyaanisqatsi (Soundtrack from the Motion Picture)",347,0.99]]}]