[{"columns":["Name","Anzahl","AusgabenDurchschnitt"],"values":[["Classical",2,1.98],["Latin",55,6.07],["Rock",27,7],["Metal",10,7.23],["Alternative & Punk",8,11.39],["Electronica/Dance",7,13.6]]}]