[{"columns":["Name"],"values":[["Black Sabbath"],["The Wizard"],["Behind The Wall Of Sleep"],["N.I.B."],["Evil Woman"],["Sleeping Village"],["Warning"]]}]