[{"columns":["LastName"],"values":[["Peacock"],["Park"],["Johnson"]]}]