[{"columns":["AVG(Total)","BillingCity"],"values":[[5.374285714285714,"Berlin"],[6.231428571428571,"Frankfurt"],[5.3742857142857146,"Stuttgart"]]}]