[{"columns":["FirstName","LastName","Status"],"values":[["Aaron","Mitchell","Kunde"],["Andrew","Adams","Mitarbeiter"],["Edward","Francis","Kunde"],["Ellie","Sullivan","Kunde"],["Fran√ßois","Tremblay","Kunde"],["Jane","Peacock","Mitarbeiter"],["Jennifer","Peterson","Kunde"],["Laura","Callahan","Mitarbeiter"],["Margaret","Park","Mitarbeiter"],["Mark","Philips","Kunde"],["Martha","Silk","Kunde"],["Michael","Mitchell","Mitarbeiter"],["Nancy","Edwards","Mitarbeiter"],["Robert","Brown","Kunde"],["Robert","King","Mitarbeiter"],["Steve","Johnson","Mitarbeiter"]]}]